{"model":"gpt-5","messages":[{"role":"assistant","content":"","tool_calls":[{"id":"tc_gemini_1","type":"function","function":{"name":"toolA","arguments":"{\"x\":1}"}},{"id":"tc_gemini_2","type":"function","function":{"name":"toolB","arguments":"{\"y\":2}"}}]},{"role":"user","content":""}],"stream":false}
